node.exe : [31mÔ£ù[39m Build failed in 172ms
No linha:1 caractere:1
+ & "C:\Program Files\nodejs/node.exe" "C:\Program Files\nodejs/node_mo ...
+ ~~~~~~~~~~~~~~~~~~~~~~~~~~~~~~~~~~~~~~~~~~~~~~~~~~~~~~~~~~~~~~~~~~~~~
    + CategoryInfo          : NotSpecified: ([31mÔ£ù[39m Build failed in 172ms:String) [], RemoteException
    + FullyQualifiedErrorId : NativeCommandError
 
[31merror during build:
[31m[vite:css] [postcss] C:/Users/Amor da vida de jhow/OneDrive/├ürea de Trabalho/Projeto Site Apax 
Investimentos/styles.css?v=mobile_v3:500:1: Unexpected }[31m
file: [36mC:/Users/Amor da vida de jhow/OneDrive/├ürea de Trabalho/Projeto Site Apax 
Investimentos/styles.css?v=mobile_v3:500:0[31m
    at Input.error (C:\Users\Amor da vida de jhow\OneDrive\├ürea de Trabalho\Projeto Site Apax 
Investimentos\node_modules\postcss\lib\input.js:135:16)
    at Parser.unexpectedClose (C:\Users\Amor da vida de jhow\OneDrive\├ürea de Trabalho\Projeto Site Apax 
Investimentos\node_modules\postcss\lib\parser.js:587:22)
    at Parser.end (C:\Users\Amor da vida de jhow\OneDrive\├ürea de Trabalho\Projeto Site Apax 
Investimentos\node_modules\postcss\lib\parser.js:330:12)
    at Parser.parse (C:\Users\Amor da vida de jhow\OneDrive\├ürea de Trabalho\Projeto Site Apax 
Investimentos\node_modules\postcss\lib\parser.js:456:16)
    at parse (C:\Users\Amor da vida de jhow\OneDrive\├ürea de Trabalho\Projeto Site Apax 
Investimentos\node_modules\postcss\lib\parse.js:11:12)
    at new LazyResult (C:\Users\Amor da vida de jhow\OneDrive\├ürea de Trabalho\Projeto Site Apax 
Investimentos\node_modules\postcss\lib\lazy-result.js:165:16)
    at Processor.process (C:\Users\Amor da vida de jhow\OneDrive\├ürea de Trabalho\Projeto Site Apax 
Investimentos\node_modules\postcss\lib\processor.js:53:14)
    at runPostCSS (file:///C:/Users/Amor%20da%20vida%20de%20jhow/OneDrive/%C3%81rea%20de%20Trabalho/Projeto%20Site%20A
pax%20Investimentos/node_modules/vite/dist/node/chunks/config.js:30145:68)
    at async compilePostCSS (file:///C:/Users/Amor%20da%20vida%20de%20jhow/OneDrive/%C3%81rea%20de%20Trabalho/Projeto%
20Site%20Apax%20Investimentos/node_modules/vite/dist/node/chunks/config.js:30129:6)
    at async compileCSS (file:///C:/Users/Amor%20da%20vida%20de%20jhow/OneDrive/%C3%81rea%20de%20Trabalho/Projeto%20Si
te%20Apax%20Investimentos/node_modules/vite/dist/node/chunks/config.js:30059:26)[39m
